* Detected CPU: AMD Ryzen 7 9800X3D 8-Core Processor [AuthenticAMD], F15/M4/S0, 4701.00 mhz, 34-clk 'rdtsc'
* CPU features: RDTSC, MMX, SSE, SSE2, SSE3, SSSE3, SSE4.1, SSE4.2
* CPU cores/threads: 16/16

Initializing File System...
FS: 185 files cached 0 archives, 110Kb memory used.
Init FileSystem 0.004373 sec
Processing folder: ''
+F: configs\
+F: configs\scripts\
+F: configs\scripts\labx8\
+F: configs\text\
+F: configs\text\eng\
+F: configs\text\rus\
+F: configs\ui\
+F: configs\unlocalizers\
-F: levels\
-F: levels\jupiter\
-F: levels\jupiter_underground\
-F: levels\k00_marsh\
-F: levels\l03u_agr_underground\
-F: levels\l04_darkvalley\
-F: levels\l04u_labx18\
-F: levels\l05_bar\
-F: levels\l08u_brainlab\
-F: levels\l10_radar\
-F: levels\l10_red_forest\
-F: levels\l10u_bunker\
-F: levels\l11_hospital\
-F: levels\l12u_control_monolith\
-F: levels\l12u_sarcofag\
-F: levels\l13u_warlab\
-F: levels\labx8\
-F: levels\pripyat\
+F: materials\
+F: scripts\
+F: scripts\.vscode\
+F: shaders\
+F: shaders\r2\
+F: shaders\r3\
+F: textures\
+F: textures\ui\
configs\mod_script_dxml.ltx                                                        - No compression (R)
configs\mod_system_base_hud.ltx                                                    - OK (46.1%)
configs\mod_system_flashlight_definition.ltx                                       - No compression (R)
configs\mod_system_knife.ltx                                                       - No compression (R)
configs\mod_system_shader_crosshair.ltx                                            - No compression (R)
configs\mod_system_signal_light.ltx                                                - OK (52.9%)
configs\mod_system_spawn_antifreeze_ignore.ltx                                     - OK (18.2%)
configs\patrol_paths.ltx                                                           - No compression (R)
configs\scripts\labx8\mod_lx8_door_lock_fix.ltx                                    - No compression (R)
configs\text\eng\ui_lua_fatal_window.xml                                           - OK (66.8%)
configs\text\eng\ui_mm_modded_exes.xml                                             - OK (22.9%)
configs\text\rus\ui_lua_fatal_window.xml                                           - OK (73.9%)
configs\text\rus\ui_mm_modded_exes.xml                                             - OK (24.9%)
configs\ui\ui_ctrl_hdr.xml                                                         - No compression (R)
configs\ui\ui_ctrl_hdr_16.xml                                                      - OK (46.5%)
configs\unlocalizers\unlocalizer_modded_exes_axr_trade_manager.ltx                 - No compression (R)
configs\unlocalizers\unlocalizer_modded_exes_bind_item.ltx                         - OK (51.0%)
configs\unlocalizers\unlocalizer_modded_exes_global.ltx                            - No compression (R)
configs\unlocalizers\unlocalizer_modded_exes_info_portions.ltx                     - OK (51.1%)
configs\unlocalizers\unlocalizer_modded_exes_item_device_script_fixes.ltx          - No compression (R)
configs\unlocalizers\unlocalizer_modded_exes_item_weapon.ltx                       - No compression (R)
configs\unlocalizers\unlocalizer_modded_exes_pda.ltx                               - OK (51.7%)
configs\unlocalizers\unlocalizer_modded_exes_sim_squad_scripted.ltx                - No compression (R)
configs\unlocalizers\unlocalizer_modded_exes_state_mgr_animation.ltx               - No compression (R)
configs\unlocalizers\unlocalizer_modded_exes_ui_debug_main.ltx                     - No compression (R)
configs\unlocalizers\unlocalizer_modded_exes_utils_item.ltx                        - No compression (R)
configs\unlocalizers\unlocalizer_modded_exes_xrs_facer_script_fixes.ltx            - No compression (R)
configs\unlocalizers\unlocalizer_test.ltx                                          - OK (50.0%)
configs\unlocalizers\unlocalizer_ui_options.ltx                                    - No compression (R)
materials\material_pairs.ltx                                                       - OK (41.1%)
materials\materials.ltx                                                            - OK (35.6%)
scripts\_g_patches.script                                                          - OK (28.7%)
scripts\_imgui_groups.script                                                       - OK (37.3%)
scripts\aaa_sound_object_patch.script                                              - OK (47.7%)
scripts\aaaa_script_fixes_mp.script                                                - OK (29.3%)
scripts\axr_beh_patches.script                                                     - OK (29.4%)
scripts\axr_main.script                                                            - OK (27.5%)
scripts\bind_monster.script                                                        - OK (27.8%)
scripts\callbacks_gameobject.script                                                - OK (33.3%)
scripts\class_registrator_modded_exes.script                                       - OK (40.7%)
scripts\dxml_core.script                                                           - OK (28.1%)
scripts\dynamic_callbacks.lua                                                      - No compression
scripts\fakelens.script                                                            - OK (68.0%)
scripts\global.lua                                                                 - No compression
scripts\imgui_helper.script                                                        - OK (29.1%)
scripts\imgui_lua_debug.script                                                     - OK (38.7%)
scripts\item_weapon.script                                                         - OK (32.8%)
scripts\ltx_help_ex.script                                                         - OK (38.1%)
scripts\lua_help_ex.script                                                         - OK (29.8%)
scripts\lua_help_imgui.script                                                      - OK (29.9%)
scripts\luapanda.lua                                                               - No compression
scripts\modded_exes_migration.script                                               - OK (40.6%)
scripts\modxml_inject_keybinds.script                                              - OK (27.7%)
scripts\modxml_lua_fatal_window.script                                             - OK (42.1%)
scripts\modxml_test.script                                                         - OK (59.8%)
scripts\options_builder.script                                                     - OK (29.1%)
scripts\options_modded_exes.script                                                 - OK (44.9%)
scripts\options_modded_exes_3d_ballistics.script                                   - OK (53.5%)
scripts\options_modded_exes_3d_scopes.script                                       - OK (35.8%)
scripts\options_modded_exes_aim.script                                             - OK (61.4%)
scripts\options_modded_exes_camera.script                                          - OK (85.2%)
scripts\options_modded_exes_control.script                                         - OK (57.0%)
scripts\options_modded_exes_crash_saves.script                                     - OK (77.6%)
scripts\options_modded_exes_crosshair.script                                       - OK (20.4%)
scripts\options_modded_exes_debug.script                                           - OK (69.9%)
scripts\options_modded_exes_doppler.script                                         - OK (71.1%)
scripts\options_modded_exes_errors.script                                          - OK (77.9%)
scripts\options_modded_exes_gameplay.script                                        - OK (46.3%)
scripts\options_modded_exes_gameplay_general.script                                - OK (51.2%)
scripts\options_modded_exes_graphics.script                                        - OK (37.1%)
scripts\options_modded_exes_hdr10.script                                           - OK (28.2%)
scripts\options_modded_exes_keyboard.script                                        - OK (89.2%)
scripts\options_modded_exes_logging.script                                         - OK (66.1%)
scripts\options_modded_exes_monsters.script                                        - OK (73.0%)
scripts\options_modded_exes_mouse.script                                           - OK (64.0%)
scripts\options_modded_exes_optimizations.script                                   - OK (39.2%)
scripts\options_modded_exes_particles.script                                       - OK (76.5%)
scripts\options_modded_exes_pda.script                                             - OK (76.2%)
scripts\options_modded_exes_saves.script                                           - OK (77.8%)
scripts\options_modded_exes_sound.script                                           - OK (67.4%)
scripts\options_modded_exes_sound_delay.script                                     - OK (55.5%)
scripts\options_modded_exes_stalkers.script                                        - OK (30.7%)
scripts\options_modded_exes_ui_hud.script                                          - OK (79.7%)
scripts\options_modded_exes_visual.script                                          - OK (49.2%)
scripts\options_modded_exes_weapons.script                                         - OK (53.2%)
scripts\scoperadii.script                                                          - OK (30.8%)
scripts\se_projector.script                                                        - OK (31.8%)
scripts\se_stmgun.script                                                           - OK (35.0%)
scripts\sim_squad_scripted.script                                                  - OK (25.5%)
scripts\slaxml.script                                                              - OK (30.0%)
scripts\socket.lua                                                                 - No compression
scripts\true_first_person_death.script                                             - OK (35.4%)
scripts\ui_options_modded_exes.script                                              - OK (34.0%)
scripts\xr_weapon_jam.script                                                       - OK (52.7%)
scripts\zz_ui_debug_inputs.script                                                  - OK (27.3%)
scripts\.vscode\launch.json                                                        - No compression
scripts\.vscode\settings.json                                                      - No compression
shaders\r2\combine_2_naa.ps                                                        - No compression
shaders\r2\fakescope.ps                                                            - No compression
shaders\r2\heatvision.ps                                                           - No compression
shaders\r3\combine_2_naa.ps                                                        - No compression
shaders\r3\common_functions.h                                                      - No compression
shaders\r3\deffer_tree_branch_bump-hq.vs                                           - No compression
shaders\r3\deffer_tree_branch_bump_d-hq.vs                                         - No compression
shaders\r3\deffer_tree_branch_flat.vs                                              - No compression
shaders\r3\editor.vs                                                               - No compression
shaders\r3\effects_sun.ps                                                          - No compression
shaders\r3\effects_sun.s                                                           - No compression
shaders\r3\fakescope.ps                                                            - No compression
shaders\r3\hdr10.h                                                                 - No compression
shaders\r3\hdr10_bloom.h                                                           - No compression
shaders\r3\hdr10_bloom_blur.ps                                                     - No compression
shaders\r3\hdr10_bloom_downsample.ps                                               - No compression
shaders\r3\hdr10_bloom_upsample.ps                                                 - No compression
shaders\r3\hdr10_lens_flare.h                                                      - No compression
shaders\r3\hdr10_lens_flare_blur.ps                                                - No compression
shaders\r3\hdr10_lens_flare_downsample.ps                                          - No compression
shaders\r3\hdr10_lens_flare_fgen.ps                                                - No compression
shaders\r3\hdr10_lens_flare_upsample.ps                                            - No compression
shaders\r3\hud_cursor.s                                                            - No compression
shaders\r3\hud_default.ps                                                          - No compression
shaders\r3\hud_default.s                                                           - ALIAS (mod\shaders\r3\hud_cursor.s)
shaders\r3\hud_font.ps                                                             - No compression
shaders\r3\models_selflight_det.s                                                  - No compression
shaders\r3\night_vision.h                                                          - No compression
shaders\r3\postprocess.ps                                                          - No compression
shaders\r3\postprocess_cm.ps                                                       - No compression
shaders\r3\simple_color.ps                                                         - No compression
shaders\r3\yuv2rgb.ps                                                              - No compression
textures\ui\cursor_cross.dds                                                       - OK (4.2%)
textures\ui\cursor_dot.dds                                                         - OK (9.3%)
textures\ui\cursor_plus.dds                                                        - OK (3.7%)
...Writing pack desc
Data size: 477973. Desc size: 7590.
Pack saved.
 
 
Files total/skipped/No compression/aliased: 132/0/54/1
Overal: 466K/1620K, 28.8%
Elapsed time: 0:0
Compression speed: 1.$ Mb/s
 

